ARM GAS  C:\Users\Emin\AppData\Local\Temp\ccDgi2fc.s 			page 1


   1              		.cpu cortex-m3
   2              		.arch armv7-m
   3              		.fpu softvfp
   4              		.eabi_attribute 20, 1
   5              		.eabi_attribute 21, 1
   6              		.eabi_attribute 23, 3
   7              		.eabi_attribute 24, 1
   8              		.eabi_attribute 25, 1
   9              		.eabi_attribute 26, 1
  10              		.eabi_attribute 30, 1
  11              		.eabi_attribute 34, 1
  12              		.eabi_attribute 18, 4
  13              		.file	"gpio.c"
  14              		.text
  15              	.Ltext0:
  16              		.cfi_sections	.debug_frame
  17              		.section	.text.MX_GPIO_Init,"ax",%progbits
  18              		.align	1
  19              		.global	MX_GPIO_Init
  20              		.syntax unified
  21              		.thumb
  22              		.thumb_func
  24              	MX_GPIO_Init:
  25              	.LFB65:
  26              		.file 1 "Core/Src/gpio.c"
   1:Core/Src/gpio.c **** /* USER CODE BEGIN Header */
   2:Core/Src/gpio.c **** /**
   3:Core/Src/gpio.c ****   ******************************************************************************
   4:Core/Src/gpio.c ****   * @file    gpio.c
   5:Core/Src/gpio.c ****   * @brief   This file provides code for the configuration
   6:Core/Src/gpio.c ****   *          of all used GPIO pins.
   7:Core/Src/gpio.c ****   ******************************************************************************
   8:Core/Src/gpio.c ****   * @attention
   9:Core/Src/gpio.c ****   *
  10:Core/Src/gpio.c ****   * Copyright (c) 2026 STMicroelectronics.
  11:Core/Src/gpio.c ****   * All rights reserved.
  12:Core/Src/gpio.c ****   *
  13:Core/Src/gpio.c ****   * This software is licensed under terms that can be found in the LICENSE file
  14:Core/Src/gpio.c ****   * in the root directory of this software component.
  15:Core/Src/gpio.c ****   * If no LICENSE file comes with this software, it is provided AS-IS.
  16:Core/Src/gpio.c ****   *
  17:Core/Src/gpio.c ****   ******************************************************************************
  18:Core/Src/gpio.c ****   */
  19:Core/Src/gpio.c **** /* USER CODE END Header */
  20:Core/Src/gpio.c **** 
  21:Core/Src/gpio.c **** /* Includes ------------------------------------------------------------------*/
  22:Core/Src/gpio.c **** #include "gpio.h"
  23:Core/Src/gpio.c **** 
  24:Core/Src/gpio.c **** /* USER CODE BEGIN 0 */
  25:Core/Src/gpio.c **** 
  26:Core/Src/gpio.c **** /* USER CODE END 0 */
  27:Core/Src/gpio.c **** 
  28:Core/Src/gpio.c **** /*----------------------------------------------------------------------------*/
  29:Core/Src/gpio.c **** /* Configure GPIO                                                             */
  30:Core/Src/gpio.c **** /*----------------------------------------------------------------------------*/
  31:Core/Src/gpio.c **** /* USER CODE BEGIN 1 */
  32:Core/Src/gpio.c **** 
ARM GAS  C:\Users\Emin\AppData\Local\Temp\ccDgi2fc.s 			page 2


  33:Core/Src/gpio.c **** /* USER CODE END 1 */
  34:Core/Src/gpio.c **** 
  35:Core/Src/gpio.c **** /** Configure pins as
  36:Core/Src/gpio.c ****         * Analog
  37:Core/Src/gpio.c ****         * Input
  38:Core/Src/gpio.c ****         * Output
  39:Core/Src/gpio.c ****         * EVENT_OUT
  40:Core/Src/gpio.c ****         * EXTI
  41:Core/Src/gpio.c **** */
  42:Core/Src/gpio.c **** void MX_GPIO_Init(void)
  43:Core/Src/gpio.c **** {
  27              		.loc 1 43 1 view -0
  28              		.cfi_startproc
  29              		@ args = 0, pretend = 0, frame = 24
  30              		@ frame_needed = 0, uses_anonymous_args = 0
  31 0000 2DE9F041 		push	{r4, r5, r6, r7, r8, lr}
  32              	.LCFI0:
  33              		.cfi_def_cfa_offset 24
  34              		.cfi_offset 4, -24
  35              		.cfi_offset 5, -20
  36              		.cfi_offset 6, -16
  37              		.cfi_offset 7, -12
  38              		.cfi_offset 8, -8
  39              		.cfi_offset 14, -4
  40 0004 86B0     		sub	sp, sp, #24
  41              	.LCFI1:
  42              		.cfi_def_cfa_offset 48
  44:Core/Src/gpio.c **** 
  45:Core/Src/gpio.c ****   GPIO_InitTypeDef GPIO_InitStruct = {0};
  43              		.loc 1 45 3 view .LVU1
  44              		.loc 1 45 20 is_stmt 0 view .LVU2
  45 0006 0024     		movs	r4, #0
  46 0008 0294     		str	r4, [sp, #8]
  47 000a 0394     		str	r4, [sp, #12]
  48 000c 0494     		str	r4, [sp, #16]
  49 000e 0594     		str	r4, [sp, #20]
  46:Core/Src/gpio.c **** 
  47:Core/Src/gpio.c ****   /* GPIO Ports Clock Enable */
  48:Core/Src/gpio.c ****   __HAL_RCC_GPIOC_CLK_ENABLE();
  50              		.loc 1 48 3 is_stmt 1 view .LVU3
  51              	.LBB2:
  52              		.loc 1 48 3 view .LVU4
  53              		.loc 1 48 3 view .LVU5
  54 0010 1F4B     		ldr	r3, .L3
  55 0012 9A69     		ldr	r2, [r3, #24]
  56 0014 42F01002 		orr	r2, r2, #16
  57 0018 9A61     		str	r2, [r3, #24]
  58              		.loc 1 48 3 view .LVU6
  59 001a 9A69     		ldr	r2, [r3, #24]
  60 001c 02F01002 		and	r2, r2, #16
  61 0020 0092     		str	r2, [sp]
  62              		.loc 1 48 3 view .LVU7
  63 0022 009A     		ldr	r2, [sp]
  64              	.LBE2:
  65              		.loc 1 48 3 view .LVU8
  49:Core/Src/gpio.c ****   __HAL_RCC_GPIOA_CLK_ENABLE();
  66              		.loc 1 49 3 view .LVU9
ARM GAS  C:\Users\Emin\AppData\Local\Temp\ccDgi2fc.s 			page 3


  67              	.LBB3:
  68              		.loc 1 49 3 view .LVU10
  69              		.loc 1 49 3 view .LVU11
  70 0024 9A69     		ldr	r2, [r3, #24]
  71 0026 42F00402 		orr	r2, r2, #4
  72 002a 9A61     		str	r2, [r3, #24]
  73              		.loc 1 49 3 view .LVU12
  74 002c 9B69     		ldr	r3, [r3, #24]
  75 002e 03F00403 		and	r3, r3, #4
  76 0032 0193     		str	r3, [sp, #4]
  77              		.loc 1 49 3 view .LVU13
  78 0034 019B     		ldr	r3, [sp, #4]
  79              	.LBE3:
  80              		.loc 1 49 3 view .LVU14
  50:Core/Src/gpio.c **** 
  51:Core/Src/gpio.c ****   /*Configure GPIO pin Output Level */
  52:Core/Src/gpio.c ****   HAL_GPIO_WritePin(LED_GPIO_Port, LED_Pin, GPIO_PIN_SET);
  81              		.loc 1 52 3 view .LVU15
  82 0036 DFF85C80 		ldr	r8, .L3+4
  83 003a 0122     		movs	r2, #1
  84 003c 4FF40051 		mov	r1, #8192
  85 0040 4046     		mov	r0, r8
  86 0042 FFF7FEFF 		bl	HAL_GPIO_WritePin
  87              	.LVL0:
  53:Core/Src/gpio.c **** 
  54:Core/Src/gpio.c ****   /*Configure GPIO pin Output Level */
  55:Core/Src/gpio.c ****   HAL_GPIO_WritePin(BTN_TOPRAK_GPIO_Port, BTN_TOPRAK_Pin, GPIO_PIN_RESET);
  88              		.loc 1 55 3 view .LVU16
  89 0046 144E     		ldr	r6, .L3+8
  90 0048 2246     		mov	r2, r4
  91 004a 0221     		movs	r1, #2
  92 004c 3046     		mov	r0, r6
  93 004e FFF7FEFF 		bl	HAL_GPIO_WritePin
  94              	.LVL1:
  56:Core/Src/gpio.c **** 
  57:Core/Src/gpio.c ****   /*Configure GPIO pin : LED_Pin */
  58:Core/Src/gpio.c ****   GPIO_InitStruct.Pin = LED_Pin;
  95              		.loc 1 58 3 view .LVU17
  96              		.loc 1 58 23 is_stmt 0 view .LVU18
  97 0052 4FF40053 		mov	r3, #8192
  98 0056 0293     		str	r3, [sp, #8]
  59:Core/Src/gpio.c ****   GPIO_InitStruct.Mode = GPIO_MODE_OUTPUT_PP;
  99              		.loc 1 59 3 is_stmt 1 view .LVU19
 100              		.loc 1 59 24 is_stmt 0 view .LVU20
 101 0058 0125     		movs	r5, #1
 102 005a 0395     		str	r5, [sp, #12]
  60:Core/Src/gpio.c ****   GPIO_InitStruct.Pull = GPIO_NOPULL;
 103              		.loc 1 60 3 is_stmt 1 view .LVU21
 104              		.loc 1 60 24 is_stmt 0 view .LVU22
 105 005c 0494     		str	r4, [sp, #16]
  61:Core/Src/gpio.c ****   GPIO_InitStruct.Speed = GPIO_SPEED_FREQ_LOW;
 106              		.loc 1 61 3 is_stmt 1 view .LVU23
 107              		.loc 1 61 25 is_stmt 0 view .LVU24
 108 005e 0227     		movs	r7, #2
 109 0060 0597     		str	r7, [sp, #20]
  62:Core/Src/gpio.c ****   HAL_GPIO_Init(LED_GPIO_Port, &GPIO_InitStruct);
 110              		.loc 1 62 3 is_stmt 1 view .LVU25
ARM GAS  C:\Users\Emin\AppData\Local\Temp\ccDgi2fc.s 			page 4


 111 0062 02A9     		add	r1, sp, #8
 112 0064 4046     		mov	r0, r8
 113 0066 FFF7FEFF 		bl	HAL_GPIO_Init
 114              	.LVL2:
  63:Core/Src/gpio.c **** 
  64:Core/Src/gpio.c ****   /*Configure GPIO pin : buttton_Pin */
  65:Core/Src/gpio.c ****   GPIO_InitStruct.Pin = buttton_Pin;
 115              		.loc 1 65 3 view .LVU26
 116              		.loc 1 65 23 is_stmt 0 view .LVU27
 117 006a 0295     		str	r5, [sp, #8]
  66:Core/Src/gpio.c ****   GPIO_InitStruct.Mode = GPIO_MODE_INPUT;
 118              		.loc 1 66 3 is_stmt 1 view .LVU28
 119              		.loc 1 66 24 is_stmt 0 view .LVU29
 120 006c 0394     		str	r4, [sp, #12]
  67:Core/Src/gpio.c ****   GPIO_InitStruct.Pull = GPIO_PULLUP;
 121              		.loc 1 67 3 is_stmt 1 view .LVU30
 122              		.loc 1 67 24 is_stmt 0 view .LVU31
 123 006e 0495     		str	r5, [sp, #16]
  68:Core/Src/gpio.c ****   HAL_GPIO_Init(buttton_GPIO_Port, &GPIO_InitStruct);
 124              		.loc 1 68 3 is_stmt 1 view .LVU32
 125 0070 02A9     		add	r1, sp, #8
 126 0072 3046     		mov	r0, r6
 127 0074 FFF7FEFF 		bl	HAL_GPIO_Init
 128              	.LVL3:
  69:Core/Src/gpio.c **** 
  70:Core/Src/gpio.c ****   /*Configure GPIO pin : BTN_TOPRAK_Pin */
  71:Core/Src/gpio.c ****   GPIO_InitStruct.Pin = BTN_TOPRAK_Pin;
 129              		.loc 1 71 3 view .LVU33
 130              		.loc 1 71 23 is_stmt 0 view .LVU34
 131 0078 0297     		str	r7, [sp, #8]
  72:Core/Src/gpio.c ****   GPIO_InitStruct.Mode = GPIO_MODE_OUTPUT_PP;
 132              		.loc 1 72 3 is_stmt 1 view .LVU35
 133              		.loc 1 72 24 is_stmt 0 view .LVU36
 134 007a 0395     		str	r5, [sp, #12]
  73:Core/Src/gpio.c ****   GPIO_InitStruct.Pull = GPIO_NOPULL;
 135              		.loc 1 73 3 is_stmt 1 view .LVU37
 136              		.loc 1 73 24 is_stmt 0 view .LVU38
 137 007c 0494     		str	r4, [sp, #16]
  74:Core/Src/gpio.c ****   GPIO_InitStruct.Speed = GPIO_SPEED_FREQ_LOW;
 138              		.loc 1 74 3 is_stmt 1 view .LVU39
 139              		.loc 1 74 25 is_stmt 0 view .LVU40
 140 007e 0597     		str	r7, [sp, #20]
  75:Core/Src/gpio.c ****   HAL_GPIO_Init(BTN_TOPRAK_GPIO_Port, &GPIO_InitStruct);
 141              		.loc 1 75 3 is_stmt 1 view .LVU41
 142 0080 02A9     		add	r1, sp, #8
 143 0082 3046     		mov	r0, r6
 144 0084 FFF7FEFF 		bl	HAL_GPIO_Init
 145              	.LVL4:
  76:Core/Src/gpio.c **** 
  77:Core/Src/gpio.c **** }
 146              		.loc 1 77 1 is_stmt 0 view .LVU42
 147 0088 06B0     		add	sp, sp, #24
 148              	.LCFI2:
 149              		.cfi_def_cfa_offset 24
 150              		@ sp needed
 151 008a BDE8F081 		pop	{r4, r5, r6, r7, r8, pc}
 152              	.L4:
ARM GAS  C:\Users\Emin\AppData\Local\Temp\ccDgi2fc.s 			page 5


 153 008e 00BF     		.align	2
 154              	.L3:
 155 0090 00100240 		.word	1073876992
 156 0094 00100140 		.word	1073811456
 157 0098 00080140 		.word	1073809408
 158              		.cfi_endproc
 159              	.LFE65:
 161              		.text
 162              	.Letext0:
 163              		.file 2 "c:\\program files (x86)\\gnu arm embedded toolchain\\10 2021.10\\arm-none-eabi\\include\\
 164              		.file 3 "c:\\program files (x86)\\gnu arm embedded toolchain\\10 2021.10\\arm-none-eabi\\include\\
 165              		.file 4 "Drivers/CMSIS/Device/ST/STM32F1xx/Include/stm32f103xb.h"
 166              		.file 5 "Drivers/STM32F1xx_HAL_Driver/Inc/stm32f1xx_hal_gpio.h"
ARM GAS  C:\Users\Emin\AppData\Local\Temp\ccDgi2fc.s 			page 6


DEFINED SYMBOLS
                            *ABS*:00000000 gpio.c
C:\Users\Emin\AppData\Local\Temp\ccDgi2fc.s:18     .text.MX_GPIO_Init:00000000 $t
C:\Users\Emin\AppData\Local\Temp\ccDgi2fc.s:24     .text.MX_GPIO_Init:00000000 MX_GPIO_Init
C:\Users\Emin\AppData\Local\Temp\ccDgi2fc.s:155    .text.MX_GPIO_Init:00000090 $d

UNDEFINED SYMBOLS
HAL_GPIO_WritePin
HAL_GPIO_Init
